  Determining projects to restore...
  All projects are up-to-date for restore.
  Core.Logging -> C:\Users\buddytoppc\Desktop\ModularMonoliths\zizu28\CraftConnect\Core.Logging\bin\Debug\net10.0\Core.Logging.dll
  Infrastructure.EmailService -> C:\Users\buddytoppc\Desktop\ModularMonoliths\zizu28\CraftConnect\Infrastructure.EmailService\bin\Debug\net10.0\Infrastructure.EmailService.dll
  Core.SharedKernel -> C:\Users\buddytoppc\Desktop\ModularMonoliths\zizu28\CraftConnect\Core.SharedKernel\bin\Debug\net10.0\Core.SharedKernel.dll
  CraftConnect.ServiceDefaults -> C:\Users\buddytoppc\Desktop\ModularMonoliths\zizu28\CraftConnect\CraftConnect.ServiceDefaults\bin\Debug\net10.0\CraftConnect.ServiceDefaults.dll
  AuditManagement.Domain -> C:\Users\buddytoppc\Desktop\ModularMonoliths\zizu28\CraftConnect\AuditManagement.Domain\bin\Debug\net10.0\AuditManagement.Domain.dll
  Infrastructure.BackgroundJobs -> C:\Users\buddytoppc\Desktop\ModularMonoliths\zizu28\CraftConnect\Infrastructure.BackgroundJobs\bin\Debug\net10.0\Infrastructure.BackgroundJobs.dll
  PaymentManagement.Domain -> C:\Users\buddytoppc\Desktop\ModularMonoliths\zizu28\CraftConnect\PaymentManagement.Domain\bin\Debug\net10.0\PaymentManagement.Domain.dll
  UserManagement.Domain -> C:\Users\buddytoppc\Desktop\ModularMonoliths\zizu28\CraftConnect\UserManagement.Domain\bin\Debug\net10.0\UserManagement.Domain.dll
  BookingManagement.Domain -> C:\Users\buddytoppc\Desktop\ModularMonoliths\zizu28\CraftConnect\BookingManagement.Domain\bin\Debug\net10.0\BookingManagement.Domain.dll
  ProductInventoryManagement.Domain -> C:\Users\buddytoppc\Desktop\ModularMonoliths\zizu28\CraftConnect\ProductInventoryManagement.Domain\bin\Debug\net10.0\ProductInventoryManagement.Domain.dll
  PromotionManagement.Domain -> C:\Users\buddytoppc\Desktop\ModularMonoliths\zizu28\CraftConnect\PromotionManagement.Domain\bin\Debug\net10.0\PromotionManagement.Domain.dll
  NotificationManagement.Domain -> C:\Users\buddytoppc\Desktop\ModularMonoliths\zizu28\CraftConnect\NotificationManagement.Domain\bin\Debug\net10.0\NotificationManagement.Domain.dll
  Infrastructure.Persistence -> C:\Users\buddytoppc\Desktop\ModularMonoliths\zizu28\CraftConnect\Infrastructure.Persistence\bin\Debug\net10.0\Infrastructure.Persistence.dll
  Core.APIGateway -> C:\Users\buddytoppc\Desktop\ModularMonoliths\zizu28\CraftConnect\Core.APIGateway\bin\Debug\net10.0\Core.APIGateway.dll
  Core.EventServices -> C:\Users\buddytoppc\Desktop\ModularMonoliths\zizu28\CraftConnect\Core.EventServices\bin\Debug\net10.0\Core.EventServices.dll
  Infrastructure.Cache -> C:\Users\buddytoppc\Desktop\ModularMonoliths\zizu28\CraftConnect\Infrastructure.Cache\bin\Debug\net10.0\Infrastructure.Cache.dll
  PaymentManagement.Application -> C:\Users\buddytoppc\Desktop\ModularMonoliths\zizu28\CraftConnect\PaymentManagement.Application\bin\Debug\net10.0\PaymentManagement.Application.dll
  NotificationManagement.Application -> C:\Users\buddytoppc\Desktop\ModularMonoliths\zizu28\CraftConnect\NotificationManagement.Application\bin\Debug\net10.0\NotificationManagement.Application.dll
  ProductInventoryManagement.Application -> C:\Users\buddytoppc\Desktop\ModularMonoliths\zizu28\CraftConnect\ProductInventoryManagement.Application\bin\Debug\net10.0\ProductInventoryManagement.Application.dll
  BookingManagement.Application -> C:\Users\buddytoppc\Desktop\ModularMonoliths\zizu28\CraftConnect\BookingManagement.Application\bin\Debug\net10.0\BookingManagement.Application.dll
  NotificationManagement.Infrastructure -> C:\Users\buddytoppc\Desktop\ModularMonoliths\zizu28\CraftConnect\NotificationManagement.Infrastructure\bin\Debug\net10.0\NotificationManagement.Infrastructure.dll
  UserManagement.Application -> C:\Users\buddytoppc\Desktop\ModularMonoliths\zizu28\CraftConnect\UserManagement.Application\bin\Debug\net10.0\UserManagement.Application.dll
  ProductInventoryManagement.Infrastructure -> C:\Users\buddytoppc\Desktop\ModularMonoliths\zizu28\CraftConnect\ProductInventoryManagement.Infrastructure\bin\Debug\net10.0\ProductInventoryManagement.Infrastructure.dll
  UserManagement.Infrastructure -> C:\Users\buddytoppc\Desktop\ModularMonoliths\zizu28\CraftConnect\UserManagement.Infrastructure\bin\Debug\net10.0\UserManagement.Infrastructure.dll
  BookingManagement.Infrastructure -> C:\Users\buddytoppc\Desktop\ModularMonoliths\zizu28\CraftConnect\BookingManagement.Infrastructure\bin\Debug\net10.0\BookingManagement.Infrastructure.dll
  PaymentManagement.Infrastructure -> C:\Users\buddytoppc\Desktop\ModularMonoliths\zizu28\CraftConnect\PaymentManagement.Infrastructure\bin\Debug\net10.0\PaymentManagement.Infrastructure.dll
  ProductInventoryManagement.Presentation -> C:\Users\buddytoppc\Desktop\ModularMonoliths\zizu28\CraftConnect\ProductInventoryManagement.Presentation\bin\Debug\net10.0\ProductInventoryManagement.Presentation.dll
  UserManagement.Presentation -> C:\Users\buddytoppc\Desktop\ModularMonoliths\zizu28\CraftConnect\UserManagement.Presentation\bin\Debug\net10.0\UserManagement.Presentation.dll
  BookingManagement.Presentation -> C:\Users\buddytoppc\Desktop\ModularMonoliths\zizu28\CraftConnect\BookingManagement.Presentation\bin\Debug\net10.0\BookingManagement.Presentation.dll
  NotificationManagement.Presentation -> C:\Users\buddytoppc\Desktop\ModularMonoliths\zizu28\CraftConnect\NotificationManagement.Presentation\bin\Debug\net10.0\NotificationManagement.Presentation.dll
  PaymentManagement.Presentation -> C:\Users\buddytoppc\Desktop\ModularMonoliths\zizu28\CraftConnect\PaymentManagement.Presentation\bin\Debug\net10.0\PaymentManagement.Presentation.dll
C:\Users\buddytoppc\Desktop\ModularMonoliths\zizu28\CraftConnect\CraftConnect.Tests\UserControllerTests.cs(66,28): warning CS8600: Converting null literal or possible null value to non-nullable type. [C:\Users\buddytoppc\Desktop\ModularMonoliths\zizu28\CraftConnect\CraftConnect.Tests\CraftConnect.Tests.csproj]
C:\Users\buddytoppc\Desktop\ModularMonoliths\zizu28\CraftConnect\CraftConnect.Tests\UserControllerTests.cs(67,13): warning CS8602: Dereference of a possibly null reference. [C:\Users\buddytoppc\Desktop\ModularMonoliths\zizu28\CraftConnect\CraftConnect.Tests\CraftConnect.Tests.csproj]
C:\Users\buddytoppc\Desktop\ModularMonoliths\zizu28\CraftConnect\CraftConnect.Tests\UserControllerTests.cs(67,13): warning CS8602: Dereference of a possibly null reference. [C:\Users\buddytoppc\Desktop\ModularMonoliths\zizu28\CraftConnect\CraftConnect.Tests\CraftConnect.Tests.csproj]
C:\Users\buddytoppc\Desktop\ModularMonoliths\zizu28\CraftConnect\CraftConnect.Tests\UserControllerTests.cs(68,13): warning CS8602: Dereference of a possibly null reference. [C:\Users\buddytoppc\Desktop\ModularMonoliths\zizu28\CraftConnect\CraftConnect.Tests\CraftConnect.Tests.csproj]
C:\Users\buddytoppc\Desktop\ModularMonoliths\zizu28\CraftConnect\CraftConnect.Tests\BookingControllerTests.cs(45,19): warning CS8600: Converting null literal or possible null value to non-nullable type. [C:\Users\buddytoppc\Desktop\ModularMonoliths\zizu28\CraftConnect\CraftConnect.Tests\CraftConnect.Tests.csproj]
C:\Users\buddytoppc\Desktop\ModularMonoliths\zizu28\CraftConnect\CraftConnect.Tests\BookingControllerTests.cs(44,4): warning CS8620: Argument of type 'ISetup<IMediator, Task<BookingResponseDTO>>' cannot be used for parameter 'mock' of type 'IReturns<IMediator, Task<BookingResponseDTO?>>' in 'IReturnsResult<IMediator> ReturnsExtensions.ReturnsAsync<IMediator, BookingResponseDTO?>(IReturns<IMediator, Task<BookingResponseDTO?>> mock, BookingResponseDTO? value)' due to differences in the nullability of reference types. [C:\Users\buddytoppc\Desktop\ModularMonoliths\zizu28\CraftConnect\CraftConnect.Tests\CraftConnect.Tests.csproj]
C:\Users\buddytoppc\Desktop\ModularMonoliths\zizu28\CraftConnect\CraftConnect.Tests\CategoriesControllerTests.cs(62,22): warning CS8600: Converting null literal or possible null value to non-nullable type. [C:\Users\buddytoppc\Desktop\ModularMonoliths\zizu28\CraftConnect\CraftConnect.Tests\CraftConnect.Tests.csproj]
C:\Users\buddytoppc\Desktop\ModularMonoliths\zizu28\CraftConnect\CraftConnect.Tests\CategoriesControllerTests.cs(61,4): warning CS8620: Argument of type 'ISetup<IMediator, Task<CategoryResponseDTO>>' cannot be used for parameter 'mock' of type 'IReturns<IMediator, Task<CategoryResponseDTO?>>' in 'IReturnsResult<IMediator> ReturnsExtensions.ReturnsAsync<IMediator, CategoryResponseDTO?>(IReturns<IMediator, Task<CategoryResponseDTO?>> mock, CategoryResponseDTO? value)' due to differences in the nullability of reference types. [C:\Users\buddytoppc\Desktop\ModularMonoliths\zizu28\CraftConnect\CraftConnect.Tests\CraftConnect.Tests.csproj]
C:\Users\buddytoppc\Desktop\ModularMonoliths\zizu28\CraftConnect\CraftConnect.Tests\UserControllerTests.cs(148,19): warning CS8600: Converting null literal or possible null value to non-nullable type. [C:\Users\buddytoppc\Desktop\ModularMonoliths\zizu28\CraftConnect\CraftConnect.Tests\CraftConnect.Tests.csproj]
C:\Users\buddytoppc\Desktop\ModularMonoliths\zizu28\CraftConnect\CraftConnect.Tests\UserControllerTests.cs(147,4): warning CS8620: Argument of type 'ISetup<IMediator, Task<UserResponseDTO>>' cannot be used for parameter 'mock' of type 'IReturns<IMediator, Task<UserResponseDTO?>>' in 'IReturnsResult<IMediator> ReturnsExtensions.ReturnsAsync<IMediator, UserResponseDTO?>(IReturns<IMediator, Task<UserResponseDTO?>> mock, UserResponseDTO? value)' due to differences in the nullability of reference types. [C:\Users\buddytoppc\Desktop\ModularMonoliths\zizu28\CraftConnect\CraftConnect.Tests\CraftConnect.Tests.csproj]
C:\Users\buddytoppc\Desktop\ModularMonoliths\zizu28\CraftConnect\CraftConnect.Tests\UserControllerTests.cs(164,61): warning CS8625: Cannot convert null literal to non-nullable reference type. [C:\Users\buddytoppc\Desktop\ModularMonoliths\zizu28\CraftConnect\CraftConnect.Tests\CraftConnect.Tests.csproj]
C:\Users\buddytoppc\Desktop\ModularMonoliths\zizu28\CraftConnect\CraftConnect.Tests\BookingControllerTests.cs(118,62): warning CS8625: Cannot convert null literal to non-nullable reference type. [C:\Users\buddytoppc\Desktop\ModularMonoliths\zizu28\CraftConnect\CraftConnect.Tests\CraftConnect.Tests.csproj]
C:\Users\buddytoppc\Desktop\ModularMonoliths\zizu28\CraftConnect\CraftConnect.Tests\BookingControllerTests.cs(131,19): warning CS8600: Converting null literal or possible null value to non-nullable type. [C:\Users\buddytoppc\Desktop\ModularMonoliths\zizu28\CraftConnect\CraftConnect.Tests\CraftConnect.Tests.csproj]
C:\Users\buddytoppc\Desktop\ModularMonoliths\zizu28\CraftConnect\CraftConnect.Tests\BookingControllerTests.cs(130,4): warning CS8620: Argument of type 'ISetup<IMediator, Task<BookingResponseDTO>>' cannot be used for parameter 'mock' of type 'IReturns<IMediator, Task<BookingResponseDTO?>>' in 'IReturnsResult<IMediator> ReturnsExtensions.ReturnsAsync<IMediator, BookingResponseDTO?>(IReturns<IMediator, Task<BookingResponseDTO?>> mock, BookingResponseDTO? value)' due to differences in the nullability of reference types. [C:\Users\buddytoppc\Desktop\ModularMonoliths\zizu28\CraftConnect\CraftConnect.Tests\CraftConnect.Tests.csproj]
C:\Users\buddytoppc\Desktop\ModularMonoliths\zizu28\CraftConnect\CraftConnect.Tests\CategoriesControllerTests.cs(177,36): warning CS8974: Converting method group 'IsAny' to non-delegate type 'object'. Did you intend to invoke the method? [C:\Users\buddytoppc\Desktop\ModularMonoliths\zizu28\CraftConnect\CraftConnect.Tests\CraftConnect.Tests.csproj]
C:\Users\buddytoppc\Desktop\ModularMonoliths\zizu28\CraftConnect\CraftConnect.Tests\UserControllerTests.cs(274,65): warning CS8601: Possible null reference assignment. [C:\Users\buddytoppc\Desktop\ModularMonoliths\zizu28\CraftConnect\CraftConnect.Tests\CraftConnect.Tests.csproj]
C:\Users\buddytoppc\Desktop\ModularMonoliths\zizu28\CraftConnect\CraftConnect.Tests\UserControllerTests.cs(287,29): warning CS8600: Converting null literal or possible null value to non-nullable type. [C:\Users\buddytoppc\Desktop\ModularMonoliths\zizu28\CraftConnect\CraftConnect.Tests\CraftConnect.Tests.csproj]
C:\Users\buddytoppc\Desktop\ModularMonoliths\zizu28\CraftConnect\CraftConnect.Tests\UserControllerTests.cs(288,33): warning CS8602: Dereference of a possibly null reference. [C:\Users\buddytoppc\Desktop\ModularMonoliths\zizu28\CraftConnect\CraftConnect.Tests\CraftConnect.Tests.csproj]
C:\Users\buddytoppc\Desktop\ModularMonoliths\zizu28\CraftConnect\CraftConnect.Tests\BookingControllerTests.cs(200,19): warning CS8600: Converting null literal or possible null value to non-nullable type. [C:\Users\buddytoppc\Desktop\ModularMonoliths\zizu28\CraftConnect\CraftConnect.Tests\CraftConnect.Tests.csproj]
C:\Users\buddytoppc\Desktop\ModularMonoliths\zizu28\CraftConnect\CraftConnect.Tests\BookingControllerTests.cs(199,4): warning CS8620: Argument of type 'ISetup<IMediator, Task<BookingResponseDTO>>' cannot be used for parameter 'mock' of type 'IReturns<IMediator, Task<BookingResponseDTO?>>' in 'IReturnsResult<IMediator> ReturnsExtensions.ReturnsAsync<IMediator, BookingResponseDTO?>(IReturns<IMediator, Task<BookingResponseDTO?>> mock, BookingResponseDTO? value)' due to differences in the nullability of reference types. [C:\Users\buddytoppc\Desktop\ModularMonoliths\zizu28\CraftConnect\CraftConnect.Tests\CraftConnect.Tests.csproj]
C:\Users\buddytoppc\Desktop\ModularMonoliths\zizu28\CraftConnect\CraftConnect.Tests\BookingControllerTests.cs(213,62): warning CS8625: Cannot convert null literal to non-nullable reference type. [C:\Users\buddytoppc\Desktop\ModularMonoliths\zizu28\CraftConnect\CraftConnect.Tests\CraftConnect.Tests.csproj]
C:\Users\buddytoppc\Desktop\ModularMonoliths\zizu28\CraftConnect\CraftConnect.Tests\BookingControllerTests.cs(223,64): warning CS8625: Cannot convert null literal to non-nullable reference type. [C:\Users\buddytoppc\Desktop\ModularMonoliths\zizu28\CraftConnect\CraftConnect.Tests\CraftConnect.Tests.csproj]
C:\Users\buddytoppc\Desktop\ModularMonoliths\zizu28\CraftConnect\CraftConnect.Tests\InvoicesControllerTests.cs(113,40): warning CS8600: Converting null literal or possible null value to non-nullable type. [C:\Users\buddytoppc\Desktop\ModularMonoliths\zizu28\CraftConnect\CraftConnect.Tests\CraftConnect.Tests.csproj]
C:\Users\buddytoppc\Desktop\ModularMonoliths\zizu28\CraftConnect\CraftConnect.Tests\InvoicesControllerTests.cs(112,13): warning CS8620: Argument of type 'ISetup<IMediator, Task<InvoiceResponseDTO>>' cannot be used for parameter 'mock' of type 'IReturns<IMediator, Task<InvoiceResponseDTO?>>' in 'IReturnsResult<IMediator> ReturnsExtensions.ReturnsAsync<IMediator, InvoiceResponseDTO?>(IReturns<IMediator, Task<InvoiceResponseDTO?>> mock, InvoiceResponseDTO? value)' due to differences in the nullability of reference types. [C:\Users\buddytoppc\Desktop\ModularMonoliths\zizu28\CraftConnect\CraftConnect.Tests\CraftConnect.Tests.csproj]
C:\Users\buddytoppc\Desktop\ModularMonoliths\zizu28\CraftConnect\CraftConnect.Tests\UserControllerTests.cs(298,65): warning CS8601: Possible null reference assignment. [C:\Users\buddytoppc\Desktop\ModularMonoliths\zizu28\CraftConnect\CraftConnect.Tests\CraftConnect.Tests.csproj]
C:\Users\buddytoppc\Desktop\ModularMonoliths\zizu28\CraftConnect\CraftConnect.Tests\UserControllerTests.cs(381,19): warning CS8600: Converting null literal or possible null value to non-nullable type. [C:\Users\buddytoppc\Desktop\ModularMonoliths\zizu28\CraftConnect\CraftConnect.Tests\CraftConnect.Tests.csproj]
C:\Users\buddytoppc\Desktop\ModularMonoliths\zizu28\CraftConnect\CraftConnect.Tests\UserControllerTests.cs(380,4): warning CS8620: Argument of type 'ISetup<IMediator, Task<UserResponseDTO>>' cannot be used for parameter 'mock' of type 'IReturns<IMediator, Task<UserResponseDTO?>>' in 'IReturnsResult<IMediator> ReturnsExtensions.ReturnsAsync<IMediator, UserResponseDTO?>(IReturns<IMediator, Task<UserResponseDTO?>> mock, UserResponseDTO? value)' due to differences in the nullability of reference types. [C:\Users\buddytoppc\Desktop\ModularMonoliths\zizu28\CraftConnect\CraftConnect.Tests\CraftConnect.Tests.csproj]
C:\Users\buddytoppc\Desktop\ModularMonoliths\zizu28\CraftConnect\CraftConnect.Tests\UserControllerTests.cs(426,19): warning CS8600: Converting null literal or possible null value to non-nullable type. [C:\Users\buddytoppc\Desktop\ModularMonoliths\zizu28\CraftConnect\CraftConnect.Tests\CraftConnect.Tests.csproj]
C:\Users\buddytoppc\Desktop\ModularMonoliths\zizu28\CraftConnect\CraftConnect.Tests\UserControllerTests.cs(425,4): warning CS8620: Argument of type 'ISetup<IMediator, Task<UserResponseDTO>>' cannot be used for parameter 'mock' of type 'IReturns<IMediator, Task<UserResponseDTO?>>' in 'IReturnsResult<IMediator> ReturnsExtensions.ReturnsAsync<IMediator, UserResponseDTO?>(IReturns<IMediator, Task<UserResponseDTO?>> mock, UserResponseDTO? value)' due to differences in the nullability of reference types. [C:\Users\buddytoppc\Desktop\ModularMonoliths\zizu28\CraftConnect\CraftConnect.Tests\CraftConnect.Tests.csproj]
C:\Users\buddytoppc\Desktop\ModularMonoliths\zizu28\CraftConnect\CraftConnect.Tests\BookingControllerTests.cs(339,19): warning CS8600: Converting null literal or possible null value to non-nullable type. [C:\Users\buddytoppc\Desktop\ModularMonoliths\zizu28\CraftConnect\CraftConnect.Tests\CraftConnect.Tests.csproj]
C:\Users\buddytoppc\Desktop\ModularMonoliths\zizu28\CraftConnect\CraftConnect.Tests\BookingControllerTests.cs(338,4): warning CS8620: Argument of type 'ISetup<IMediator, Task<BookingLineItemResponseDTO>>' cannot be used for parameter 'mock' of type 'IReturns<IMediator, Task<BookingLineItemResponseDTO?>>' in 'IReturnsResult<IMediator> ReturnsExtensions.ReturnsAsync<IMediator, BookingLineItemResponseDTO?>(IReturns<IMediator, Task<BookingLineItemResponseDTO?>> mock, BookingLineItemResponseDTO? value)' due to differences in the nullability of reference types. [C:\Users\buddytoppc\Desktop\ModularMonoliths\zizu28\CraftConnect\CraftConnect.Tests\CraftConnect.Tests.csproj]
C:\Users\buddytoppc\Desktop\ModularMonoliths\zizu28\CraftConnect\CraftConnect.Tests\BookingControllerTests.cs(355,80): warning CS8625: Cannot convert null literal to non-nullable reference type. [C:\Users\buddytoppc\Desktop\ModularMonoliths\zizu28\CraftConnect\CraftConnect.Tests\CraftConnect.Tests.csproj]
C:\Users\buddytoppc\Desktop\ModularMonoliths\zizu28\CraftConnect\CraftConnect.Tests\InvoicesControllerTests.cs(273,44): warning CS8600: Converting null literal or possible null value to non-nullable type. [C:\Users\buddytoppc\Desktop\ModularMonoliths\zizu28\CraftConnect\CraftConnect.Tests\CraftConnect.Tests.csproj]
C:\Users\buddytoppc\Desktop\ModularMonoliths\zizu28\CraftConnect\CraftConnect.Tests\InvoicesControllerTests.cs(276,63): warning CS8604: Possible null reference argument for parameter 'command' in 'Task<IActionResult> InvoicesController.CreateInvoiceAsync(CreateInvoiceCommand command)'. [C:\Users\buddytoppc\Desktop\ModularMonoliths\zizu28\CraftConnect\CraftConnect.Tests\CraftConnect.Tests.csproj]
C:\Users\buddytoppc\Desktop\ModularMonoliths\zizu28\CraftConnect\CraftConnect.Tests\BookingControllerTests.cs(384,19): warning CS8600: Converting null literal or possible null value to non-nullable type. [C:\Users\buddytoppc\Desktop\ModularMonoliths\zizu28\CraftConnect\CraftConnect.Tests\CraftConnect.Tests.csproj]
C:\Users\buddytoppc\Desktop\ModularMonoliths\zizu28\CraftConnect\CraftConnect.Tests\BookingControllerTests.cs(383,4): warning CS8620: Argument of type 'ISetup<IMediator, Task<BookingResponseDTO>>' cannot be used for parameter 'mock' of type 'IReturns<IMediator, Task<BookingResponseDTO?>>' in 'IReturnsResult<IMediator> ReturnsExtensions.ReturnsAsync<IMediator, BookingResponseDTO?>(IReturns<IMediator, Task<BookingResponseDTO?>> mock, BookingResponseDTO? value)' due to differences in the nullability of reference types. [C:\Users\buddytoppc\Desktop\ModularMonoliths\zizu28\CraftConnect\CraftConnect.Tests\CraftConnect.Tests.csproj]
C:\Users\buddytoppc\Desktop\ModularMonoliths\zizu28\CraftConnect\CraftConnect.Tests\UserControllerTests.cs(485,19): warning CS8600: Converting null literal or possible null value to non-nullable type. [C:\Users\buddytoppc\Desktop\ModularMonoliths\zizu28\CraftConnect\CraftConnect.Tests\CraftConnect.Tests.csproj]
C:\Users\buddytoppc\Desktop\ModularMonoliths\zizu28\CraftConnect\CraftConnect.Tests\Handlers\CommandHandlers\CacheInvalidationCommandHandlerTests.cs(443,13): warning CS8620: Argument of type 'ISetup<IProductRepository, Task<Product>>' cannot be used for parameter 'mock' of type 'IReturns<IProductRepository, Task<Product?>>' in 'IReturnsResult<IProductRepository> ReturnsExtensions.ReturnsAsync<IProductRepository, Product?>(IReturns<IProductRepository, Task<Product?>> mock, Product? value)' due to differences in the nullability of reference types. [C:\Users\buddytoppc\Desktop\ModularMonoliths\zizu28\CraftConnect\CraftConnect.Tests\CraftConnect.Tests.csproj]
C:\Users\buddytoppc\Desktop\ModularMonoliths\zizu28\CraftConnect\CraftConnect.Tests\ProductsControllerTests.cs(136,44): warning CS8602: Dereference of a possibly null reference. [C:\Users\buddytoppc\Desktop\ModularMonoliths\zizu28\CraftConnect\CraftConnect.Tests\CraftConnect.Tests.csproj]
C:\Users\buddytoppc\Desktop\ModularMonoliths\zizu28\CraftConnect\CraftConnect.Tests\ProductsControllerTests.cs(219,36): warning CS8974: Converting method group 'IsAny' to non-delegate type 'object'. Did you intend to invoke the method? [C:\Users\buddytoppc\Desktop\ModularMonoliths\zizu28\CraftConnect\CraftConnect.Tests\CraftConnect.Tests.csproj]
C:\Users\buddytoppc\Desktop\ModularMonoliths\zizu28\CraftConnect\CraftConnect.Tests\InvoicesControllerTests.cs(576,42): warning CS8600: Converting null literal or possible null value to non-nullable type. [C:\Users\buddytoppc\Desktop\ModularMonoliths\zizu28\CraftConnect\CraftConnect.Tests\CraftConnect.Tests.csproj]
C:\Users\buddytoppc\Desktop\ModularMonoliths\zizu28\CraftConnect\CraftConnect.Tests\InvoicesControllerTests.cs(579,72): warning CS8604: Possible null reference argument for parameter 'command' in 'Task<IActionResult> InvoicesController.AddLineItemAsync(Guid invoiceId, AddLineItemCommand command)'. [C:\Users\buddytoppc\Desktop\ModularMonoliths\zizu28\CraftConnect\CraftConnect.Tests\CraftConnect.Tests.csproj]
C:\Users\buddytoppc\Desktop\ModularMonoliths\zizu28\CraftConnect\CraftConnect.Tests\PaymentsControllerTests.cs(101,40): warning CS8600: Converting null literal or possible null value to non-nullable type. [C:\Users\buddytoppc\Desktop\ModularMonoliths\zizu28\CraftConnect\CraftConnect.Tests\CraftConnect.Tests.csproj]
C:\Users\buddytoppc\Desktop\ModularMonoliths\zizu28\CraftConnect\CraftConnect.Tests\PaymentsControllerTests.cs(100,13): warning CS8620: Argument of type 'ISetup<IMediator, Task<PaymentResponseDTO>>' cannot be used for parameter 'mock' of type 'IReturns<IMediator, Task<PaymentResponseDTO?>>' in 'IReturnsResult<IMediator> ReturnsExtensions.ReturnsAsync<IMediator, PaymentResponseDTO?>(IReturns<IMediator, Task<PaymentResponseDTO?>> mock, PaymentResponseDTO? value)' due to differences in the nullability of reference types. [C:\Users\buddytoppc\Desktop\ModularMonoliths\zizu28\CraftConnect\CraftConnect.Tests\CraftConnect.Tests.csproj]
C:\Users\buddytoppc\Desktop\ModularMonoliths\zizu28\CraftConnect\CraftConnect.Tests\InvoicesControllerTests.cs(746,45): warning CS8600: Converting null literal or possible null value to non-nullable type. [C:\Users\buddytoppc\Desktop\ModularMonoliths\zizu28\CraftConnect\CraftConnect.Tests\CraftConnect.Tests.csproj]
C:\Users\buddytoppc\Desktop\ModularMonoliths\zizu28\CraftConnect\CraftConnect.Tests\InvoicesControllerTests.cs(749,75): warning CS8604: Possible null reference argument for parameter 'command' in 'Task<IActionResult> InvoicesController.UpdateLineItemAsync(Guid invoiceId, UpdateLineItemCommand command)'. [C:\Users\buddytoppc\Desktop\ModularMonoliths\zizu28\CraftConnect\CraftConnect.Tests\CraftConnect.Tests.csproj]
C:\Users\buddytoppc\Desktop\ModularMonoliths\zizu28\CraftConnect\CraftConnect.Tests\Handlers\CommandHandlers\CacheInvalidationCommandHandlerTests.cs(374,13): warning CS8620: Argument of type 'ISetup<IProductRepository, Task<Product>>' cannot be used for parameter 'mock' of type 'IReturns<IProductRepository, Task<Product?>>' in 'IReturnsResult<IProductRepository> ReturnsExtensions.ReturnsAsync<IProductRepository, Product?>(IReturns<IProductRepository, Task<Product?>> mock, Product? value)' due to differences in the nullability of reference types. [C:\Users\buddytoppc\Desktop\ModularMonoliths\zizu28\CraftConnect\CraftConnect.Tests\CraftConnect.Tests.csproj]
C:\Users\buddytoppc\Desktop\ModularMonoliths\zizu28\CraftConnect\CraftConnect.Tests\PaymentsControllerTests.cs(368,44): warning CS8600: Converting null literal or possible null value to non-nullable type. [C:\Users\buddytoppc\Desktop\ModularMonoliths\zizu28\CraftConnect\CraftConnect.Tests\CraftConnect.Tests.csproj]
C:\Users\buddytoppc\Desktop\ModularMonoliths\zizu28\CraftConnect\CraftConnect.Tests\PaymentsControllerTests.cs(371,63): warning CS8604: Possible null reference argument for parameter 'command' in 'Task<IActionResult> PaymentsController.VerifyPaymentAsync(VerifyPaymentCommand command)'. [C:\Users\buddytoppc\Desktop\ModularMonoliths\zizu28\CraftConnect\CraftConnect.Tests\CraftConnect.Tests.csproj]
C:\Users\buddytoppc\Desktop\ModularMonoliths\zizu28\CraftConnect\CraftConnect.Tests\Handlers\CommandHandlers\CacheInvalidationCommandHandlerTests.cs(273,13): warning CS8620: Argument of type 'ISetup<ICategoryRepository, Task<Category>>' cannot be used for parameter 'mock' of type 'IReturns<ICategoryRepository, Task<Category?>>' in 'IReturnsResult<ICategoryRepository> ReturnsExtensions.ReturnsAsync<ICategoryRepository, Category?>(IReturns<ICategoryRepository, Task<Category?>> mock, Category? value)' due to differences in the nullability of reference types. [C:\Users\buddytoppc\Desktop\ModularMonoliths\zizu28\CraftConnect\CraftConnect.Tests\CraftConnect.Tests.csproj]
C:\Users\buddytoppc\Desktop\ModularMonoliths\zizu28\CraftConnect\CraftConnect.Tests\PaymentsControllerTests.cs(525,44): warning CS8600: Converting null literal or possible null value to non-nullable type. [C:\Users\buddytoppc\Desktop\ModularMonoliths\zizu28\CraftConnect\CraftConnect.Tests\CraftConnect.Tests.csproj]
C:\Users\buddytoppc\Desktop\ModularMonoliths\zizu28\CraftConnect\CraftConnect.Tests\PaymentsControllerTests.cs(528,50): warning CS8604: Possible null reference argument for parameter 'command' in 'Task<IActionResult> PaymentsController.VerifyPaymentAsync(VerifyPaymentCommand command)'. [C:\Users\buddytoppc\Desktop\ModularMonoliths\zizu28\CraftConnect\CraftConnect.Tests\CraftConnect.Tests.csproj]
C:\Users\buddytoppc\Desktop\ModularMonoliths\zizu28\CraftConnect\CraftConnect.Tests\PaymentsControllerTests.cs(639,44): warning CS8600: Converting null literal or possible null value to non-nullable type. [C:\Users\buddytoppc\Desktop\ModularMonoliths\zizu28\CraftConnect\CraftConnect.Tests\CraftConnect.Tests.csproj]
C:\Users\buddytoppc\Desktop\ModularMonoliths\zizu28\CraftConnect\CraftConnect.Tests\PaymentsControllerTests.cs(642,63): warning CS8604: Possible null reference argument for parameter 'command' in 'Task<IActionResult> PaymentsController.CreatePaymentAsync(CreatePaymentCommand command)'. [C:\Users\buddytoppc\Desktop\ModularMonoliths\zizu28\CraftConnect\CraftConnect.Tests\CraftConnect.Tests.csproj]
C:\Users\buddytoppc\Desktop\ModularMonoliths\zizu28\CraftConnect\CraftConnect.Tests\PaymentsControllerTests.cs(733,44): warning CS8600: Converting null literal or possible null value to non-nullable type. [C:\Users\buddytoppc\Desktop\ModularMonoliths\zizu28\CraftConnect\CraftConnect.Tests\CraftConnect.Tests.csproj]
C:\Users\buddytoppc\Desktop\ModularMonoliths\zizu28\CraftConnect\CraftConnect.Tests\PaymentsControllerTests.cs(736,74): warning CS8604: Possible null reference argument for parameter 'command' in 'Task<IActionResult> PaymentsController.UpdatePaymentAsync(Guid id, UpdatePaymentCommand command)'. [C:\Users\buddytoppc\Desktop\ModularMonoliths\zizu28\CraftConnect\CraftConnect.Tests\CraftConnect.Tests.csproj]
C:\Users\buddytoppc\Desktop\ModularMonoliths\zizu28\CraftConnect\CraftConnect.Tests\PaymentsControllerTests.cs(791,40): warning CS8600: Converting null literal or possible null value to non-nullable type. [C:\Users\buddytoppc\Desktop\ModularMonoliths\zizu28\CraftConnect\CraftConnect.Tests\CraftConnect.Tests.csproj]
C:\Users\buddytoppc\Desktop\ModularMonoliths\zizu28\CraftConnect\CraftConnect.Tests\PaymentsControllerTests.cs(790,13): warning CS8620: Argument of type 'ISetup<IMediator, Task<PaymentResponseDTO>>' cannot be used for parameter 'mock' of type 'IReturns<IMediator, Task<PaymentResponseDTO?>>' in 'IReturnsResult<IMediator> ReturnsExtensions.ReturnsAsync<IMediator, PaymentResponseDTO?>(IReturns<IMediator, Task<PaymentResponseDTO?>> mock, PaymentResponseDTO? value)' due to differences in the nullability of reference types. [C:\Users\buddytoppc\Desktop\ModularMonoliths\zizu28\CraftConnect\CraftConnect.Tests\CraftConnect.Tests.csproj]
C:\Users\buddytoppc\Desktop\ModularMonoliths\zizu28\CraftConnect\CraftConnect.Tests\PaymentsControllerTests.cs(828,47): warning CS8600: Converting null literal or possible null value to non-nullable type. [C:\Users\buddytoppc\Desktop\ModularMonoliths\zizu28\CraftConnect\CraftConnect.Tests\CraftConnect.Tests.csproj]
C:\Users\buddytoppc\Desktop\ModularMonoliths\zizu28\CraftConnect\CraftConnect.Tests\PaymentsControllerTests.cs(831,66): warning CS8604: Possible null reference argument for parameter 'command' in 'Task<IActionResult> PaymentsController.AuthorizePaymentAsync(AuthorizePaymentCommand command)'. [C:\Users\buddytoppc\Desktop\ModularMonoliths\zizu28\CraftConnect\CraftConnect.Tests\CraftConnect.Tests.csproj]
C:\Users\buddytoppc\Desktop\ModularMonoliths\zizu28\CraftConnect\CraftConnect.Tests\PaymentsControllerTests.cs(881,46): warning CS8600: Converting null literal or possible null value to non-nullable type. [C:\Users\buddytoppc\Desktop\ModularMonoliths\zizu28\CraftConnect\CraftConnect.Tests\CraftConnect.Tests.csproj]
C:\Users\buddytoppc\Desktop\ModularMonoliths\zizu28\CraftConnect\CraftConnect.Tests\PaymentsControllerTests.cs(884,65): warning CS8604: Possible null reference argument for parameter 'command' in 'Task<IActionResult> PaymentsController.CompletePaymentAsync(CompletePaymentCommand command)'. [C:\Users\buddytoppc\Desktop\ModularMonoliths\zizu28\CraftConnect\CraftConnect.Tests\CraftConnect.Tests.csproj]
C:\Users\buddytoppc\Desktop\ModularMonoliths\zizu28\CraftConnect\CraftConnect.Tests\PaymentsControllerTests.cs(953,44): warning CS8600: Converting null literal or possible null value to non-nullable type. [C:\Users\buddytoppc\Desktop\ModularMonoliths\zizu28\CraftConnect\CraftConnect.Tests\CraftConnect.Tests.csproj]
C:\Users\buddytoppc\Desktop\ModularMonoliths\zizu28\CraftConnect\CraftConnect.Tests\PaymentsControllerTests.cs(956,61): warning CS8604: Possible null reference argument for parameter 'command' in 'Task<IActionResult> PaymentsController.FailPaymentAsync(FailedPaymentCommand command)'. [C:\Users\buddytoppc\Desktop\ModularMonoliths\zizu28\CraftConnect\CraftConnect.Tests\CraftConnect.Tests.csproj]
C:\Users\buddytoppc\Desktop\ModularMonoliths\zizu28\CraftConnect\CraftConnect.Tests\PaymentsControllerTests.cs(1028,44): warning CS8600: Converting null literal or possible null value to non-nullable type. [C:\Users\buddytoppc\Desktop\ModularMonoliths\zizu28\CraftConnect\CraftConnect.Tests\CraftConnect.Tests.csproj]
C:\Users\buddytoppc\Desktop\ModularMonoliths\zizu28\CraftConnect\CraftConnect.Tests\PaymentsControllerTests.cs(1031,63): warning CS8604: Possible null reference argument for parameter 'command' in 'Task<IActionResult> PaymentsController.RefundPaymentAsync(RefundPaymentCommand command)'. [C:\Users\buddytoppc\Desktop\ModularMonoliths\zizu28\CraftConnect\CraftConnect.Tests\CraftConnect.Tests.csproj]
C:\Users\buddytoppc\Desktop\ModularMonoliths\zizu28\CraftConnect\CraftConnect.Tests\ProductsControllerTests.cs(59,15): warning xUnit1012: Null should not be used for type parameter 'category' of type 'string'. Use a non-null value, or convert the parameter to a nullable type. (https://xunit.net/xunit.analyzers/rules/xUnit1012) [C:\Users\buddytoppc\Desktop\ModularMonoliths\zizu28\CraftConnect\CraftConnect.Tests\CraftConnect.Tests.csproj]
C:\Users\buddytoppc\Desktop\ModularMonoliths\zizu28\CraftConnect\CraftConnect.Tests\InvoicesControllerTests.cs(414,21): warning xUnit1012: Null should not be used for type parameter 'recipientEmail' of type 'string'. Use a non-null value, or convert the parameter to a nullable type. (https://xunit.net/xunit.analyzers/rules/xUnit1012) [C:\Users\buddytoppc\Desktop\ModularMonoliths\zizu28\CraftConnect\CraftConnect.Tests\CraftConnect.Tests.csproj]
C:\Users\buddytoppc\Desktop\ModularMonoliths\zizu28\CraftConnect\CraftConnect.Tests\InvoicesControllerTests.cs(501,21): warning xUnit1012: Null should not be used for type parameter 'currency' of type 'string'. Use a non-null value, or convert the parameter to a nullable type. (https://xunit.net/xunit.analyzers/rules/xUnit1012) [C:\Users\buddytoppc\Desktop\ModularMonoliths\zizu28\CraftConnect\CraftConnect.Tests\CraftConnect.Tests.csproj]
C:\Users\buddytoppc\Desktop\ModularMonoliths\zizu28\CraftConnect\CraftConnect.Tests\InvoicesControllerTests.cs(891,21): warning xUnit1012: Null should not be used for type parameter 'recipientEmail' of type 'string'. Use a non-null value, or convert the parameter to a nullable type. (https://xunit.net/xunit.analyzers/rules/xUnit1012) [C:\Users\buddytoppc\Desktop\ModularMonoliths\zizu28\CraftConnect\CraftConnect.Tests\CraftConnect.Tests.csproj]
C:\Users\buddytoppc\Desktop\ModularMonoliths\zizu28\CraftConnect\CraftConnect.Tests\InvoicesControllerTests.cs(976,21): warning xUnit1012: Null should not be used for type parameter 'reason' of type 'string'. Use a non-null value, or convert the parameter to a nullable type. (https://xunit.net/xunit.analyzers/rules/xUnit1012) [C:\Users\buddytoppc\Desktop\ModularMonoliths\zizu28\CraftConnect\CraftConnect.Tests\CraftConnect.Tests.csproj]
C:\Users\buddytoppc\Desktop\ModularMonoliths\zizu28\CraftConnect\CraftConnect.Tests\PaymentsControllerTests.cs(424,21): warning xUnit1012: Null should not be used for type parameter 'reference' of type 'string'. Use a non-null value, or convert the parameter to a nullable type. (https://xunit.net/xunit.analyzers/rules/xUnit1012) [C:\Users\buddytoppc\Desktop\ModularMonoliths\zizu28\CraftConnect\CraftConnect.Tests\CraftConnect.Tests.csproj]
C:\Users\buddytoppc\Desktop\ModularMonoliths\zizu28\CraftConnect\CraftConnect.Tests\PaymentsControllerTests.cs(1114,21): warning xUnit1012: Null should not be used for type parameter 'email' of type 'string'. Use a non-null value, or convert the parameter to a nullable type. (https://xunit.net/xunit.analyzers/rules/xUnit1012) [C:\Users\buddytoppc\Desktop\ModularMonoliths\zizu28\CraftConnect\CraftConnect.Tests\CraftConnect.Tests.csproj]
  CraftConnect.Tests -> C:\Users\buddytoppc\Desktop\ModularMonoliths\zizu28\CraftConnect\CraftConnect.Tests\bin\Debug\net10.0\CraftConnect.Tests.dll
Test run for C:\Users\buddytoppc\Desktop\ModularMonoliths\zizu28\CraftConnect\CraftConnect.Tests\bin\Debug\net10.0\CraftConnect.Tests.dll (.NETCoreApp,Version=v10.0)
VSTest version 18.0.1 (x64)

Starting test execution, please wait...
A total of 1 test files matched the specified pattern.
[xUnit.net 00:00:05.57]     CraftConnect.Tests.Handlers.CommandHandlers.DeleteProductCommandHandlerCacheTests.Handle_EvictsAllProductsAndProductByIdCache_AfterSuccessfulDelete [FAIL]
  Failed CraftConnect.Tests.Handlers.CommandHandlers.DeleteProductCommandHandlerCacheTests.Handle_EvictsAllProductsAndProductByIdCache_AfterSuccessfulDelete [23 ms]
  Error Message:
   Moq.MockException : 
Expected invocation on the mock once, but was 0 times: c => c.RemoveSync("products:3779f2a0-80e7-4537-93b5-69e94917f318", It.IsAny<CancellationToken>())

Performed invocations:

   Mock<ICacheService:16> (c):

      ICacheService.RemoveSync("products:257623a1-a50b-4098-95a5-d7cd230dbb6f", CancellationToken)
      ICacheService.RemoveSync("products:all", CancellationToken)

  Stack Trace:
     at Moq.Mock.Verify(Mock mock, LambdaExpression expression, Times times, String failMessage) in /_/src/Moq/Mock.cs:line 332
   at Moq.Mock`1.Verify[TResult](Expression`1 expression, Func`1 times) in /_/src/Moq/Mock`1.cs:line 840
   at CraftConnect.Tests.Handlers.CommandHandlers.DeleteProductCommandHandlerCacheTests.Handle_EvictsAllProductsAndProductByIdCache_AfterSuccessfulDelete() in C:\Users\buddytoppc\Desktop\ModularMonoliths\zizu28\CraftConnect\CraftConnect.Tests\Handlers\CommandHandlers\CacheInvalidationCommandHandlerTests.cs:line 367
--- End of stack trace from previous location ---
  Failed CraftConnect.Tests.Handlers.CommandHandlers.UpdateCategoryCommandHandlerCacheTests.Handle_EvictsAllCategoriesAndCategoryByIdCache_AfterSuccessfulUpdate [2 s]
  Error Message:
   System.NullReferenceException : Object reference not set to an instance of an object.
  Stack Trace:
     at ProductInventoryManagement.Application.CQRS.Handlers.CommandHandlers.CategoryCommandHandlers.UpdateCategoryCommandHandler.Handle(UpdateCategoryCommand request, CancellationToken cancellationToken) in C:\Users\buddytoppc\Desktop\ModularMonoliths\zizu28\CraftConnect\ProductInventoryManagement.Application\CQRS\Handlers\CommandHandlers\CategoryCommandHandlers\UpdateCategoryCommandHandler.cs:line 61
   at CraftConnect.Tests.Handlers.CommandHandlers.UpdateCategoryCommandHandlerCacheTests.Handle_EvictsAllCategoriesAndCategoryByIdCache_AfterSuccessfulUpdate() in C:\Users\buddytoppc\Desktop\ModularMonoliths\zizu28\CraftConnect\CraftConnect.Tests\Handlers\CommandHandlers\CacheInvalidationCommandHandlerTests.cs:line 324
--- End of stack trace from previous location ---
[xUnit.net 00:00:05.58]     CraftConnect.Tests.Handlers.CommandHandlers.UpdateCategoryCommandHandlerCacheTests.Handle_EvictsAllCategoriesAndCategoryByIdCache_AfterSuccessfulUpdate [FAIL]
[xUnit.net 00:00:06.38]     CraftConnect.Tests.Handlers.CommandHandlers.UpdateProductCommandHandlerCacheTests.Handle_EvictsAllProductsAndProductByIdCache_AfterSuccessfulUpdate [FAIL]
  Failed CraftConnect.Tests.Handlers.CommandHandlers.UpdateProductCommandHandlerCacheTests.Handle_EvictsAllProductsAndProductByIdCache_AfterSuccessfulUpdate [287 ms]
  Error Message:
   Moq.MockException : 
Expected invocation on the mock once, but was 0 times: c => c.RemoveSync("products:all", It.IsAny<CancellationToken>())

Performed invocations:

   Mock<ICacheService:25> (c):
   No invocations performed.

  Stack Trace:
     at Moq.Mock.Verify(Mock mock, LambdaExpression expression, Times times, String failMessage) in /_/src/Moq/Mock.cs:line 332
   at Moq.Mock`1.Verify[TResult](Expression`1 expression, Func`1 times) in /_/src/Moq/Mock`1.cs:line 840
   at CraftConnect.Tests.Handlers.CommandHandlers.UpdateProductCommandHandlerCacheTests.Handle_EvictsAllProductsAndProductByIdCache_AfterSuccessfulUpdate() in C:\Users\buddytoppc\Desktop\ModularMonoliths\zizu28\CraftConnect\CraftConnect.Tests\Handlers\CommandHandlers\CacheInvalidationCommandHandlerTests.cs:line 435
--- End of stack trace from previous location ---

Failed!  - Failed:     3, Passed:   292, Skipped:     0, Total:   295, Duration: 30 s - CraftConnect.Tests.dll (net10.0)
